// Jest Snapshot v1, https://goo.gl/fbAQLP

exports[`Test <LoginScreen /> should render correctly 1`] = `
<body>
  <div>
    <div
      class="container mt-5"
    >
      <h1
        data-testid="LoginScreenTitle"
      >
        Login
      </h1>
      <hr />
      <button
        class="btn btn-primary"
        data-testid="LoginScreenBtn"
      >
        Login
      </button>
    </div>
  </div>
</body>
`;
