// Jest Snapshot v1, https://goo.gl/fbAQLP

exports[`Test <MyNavbar /> should render correctly 1`] = `
<body>
  <div>
    <nav
      class="navbar navbar-expand-sm navbar-dark bg-dark"
      data-testid="MyNavbar"
    >
      <div
        class="container"
      >
        <a
          class="navbar-brand"
          href="/"
        >
          Asociaciones
        </a>
        <button
          aria-controls="basic-navbar-nav"
          aria-label="Toggle navigation"
          class="navbar-toggler collapsed"
          type="button"
        >
          <span
            class="navbar-toggler-icon"
          />
        </button>
        <div
          class="navbar-collapse collapse"
          id="basic-navbar-nav"
        >
          <div
            class="me-auto navbar-nav"
          >
            <a
              class="nav-link"
              data-rr-ui-event-key="/marvel"
              href="/marvel"
            >
              Marvel
            </a>
            <a
              class="nav-link"
              data-rr-ui-event-key="/dc"
              href="/dc"
            >
              DC
            </a>
            <a
              class="nav-link"
              data-rr-ui-event-key="/search"
              href="/search"
            >
              Search
            </a>
          </div>
        </div>
        <div
          class="justify-content-end navbar-collapse collapse"
        >
          <span
            class="text-info navbar-text"
            data-testid="MyNavbarUserName"
          >
            Pedro
          </span>
          <div
            class="navbar-nav"
          >
            <button
              class="btn btn-dark"
              data-testid="MyNavbarLogoutBtn"
              type="button"
            >
              Logout
            </button>
          </div>
        </div>
      </div>
    </nav>
  </div>
</body>
`;
